// Jest Snapshot v1, https://goo.gl/fbAQLP

exports[`<Main /> should render the heading 1`] = `
.c0 {
  background-color: #06092b;
  color: #fff;
  width: 100%;
  height: 100%;
}

<main
  class="c0"
>
  <h2>
    Boilerplate NextJS
  </h2>
</main>
`;
